../Core/Src/main.c:82:6:delay	16	static
../Core/Src/main.c:89:6:HAL_TIM_IC_CaptureCallback	16	static
../Core/Src/main.c:123:6:HCSR04_Read	8	static
../Core/Src/main.c:132:6:HAL_GPIO_EXTI_Callback	16	static
../Core/Src/main.c:140:5:debouncer	24	static
../Core/Src/main.c:173:5:main	8	static
../Core/Src/main.c:251:6:SystemClock_Config	88	static
../Core/Src/main.c:298:13:MX_ADC1_Init	24	static
../Core/Src/main.c:350:13:MX_TIM2_Init	32	static
../Core/Src/main.c:398:13:MX_TIM4_Init	48	static
../Core/Src/main.c:451:13:MX_GPIO_Init	40	static
../Core/Src/main.c:490:6:Error_Handler	4	static,ignoring_inline_asm
